exact pattern masses (sep = 2.5 ):
1|24|3 1|2|34 12|3|4 13|2|4 14|2|3  13|24  12|34 1|23|4  124|3  134|2  1|234 
0.5221 0.2957 0.0991 0.0831 0.0000 0.0000 0.0000 0.0000 0.0000 0.0000 0.0000 
  1234  123|4  14|23 
0.0000 0.0000 0.0000 
plain runs done: 18.11812 secs 
PT runs done: 2.420654 mins 

Plain chains: TV to exact 0.213; between-run sd of the total-variation distance 0.187
 pattern  exact estimate     se    z
  1|24|3 0.5221   0.4128 0.1473 -0.7
  1|2|34 0.2957   0.1920 0.1012 -1.0
  12|3|4 0.0991   0.1666 0.1123  0.6
  13|2|4 0.0831   0.2247 0.1095  1.3
    1234 0.0000   0.0000 0.0000  0.0
   123|4 0.0000   0.0000 0.0000  0.0
   124|3 0.0000   0.0000 0.0000  0.0
   134|2 0.0000   0.0000 0.0000  0.0
runs with a single dominant pattern (>95% of draws): 10 of 12 

Parallel tempering (cold chain): TV to exact 0.012; between-run sd of the total-variation distance 0.074
 pattern  exact estimate     se    z
  1|24|3 0.5221   0.5097 0.0478 -0.3
  1|2|34 0.2957   0.2994 0.0407  0.1
  12|3|4 0.0991   0.1076 0.0156  0.5
  13|2|4 0.0831   0.0833 0.0109  0.0
    1234 0.0000   0.0000 0.0000  0.0
   123|4 0.0000   0.0000 0.0000  0.0
   124|3 0.0000   0.0000 0.0000  0.0
   134|2 0.0000   0.0000 0.0000  0.0
runs with a single dominant pattern (>95% of draws): 0 of 12 

PT diagnostics (first run):
$betas
 [1] 0.05000000 0.07884434 0.12664446 0.20924757 0.34164186 0.58444488
 [7] 0.63455870 0.65048375 0.68647591 0.79555681 1.00000000

$pairs
     beta_hot  beta_cold attempts accepted acceptance_rate rejection_rate
1  0.05000000 0.07884434    10000     5981          0.5981      0.4090523
2  0.07884434 0.12664446    10000     5906          0.5906      0.4104575
3  0.12664446 0.20924757    10000     5655          0.5655      0.4368601
4  0.20924757 0.34164186    10000     5941          0.5941      0.4119810
5  0.34164186 0.58444488    10000     5396          0.5396      0.4595327
6  0.58444488 0.63455870    10000     8779          0.8779      0.1193444
7  0.63455870 0.65048375    10000     8423          0.8423      0.1546963
8  0.65048375 0.68647591    10000     1878          0.1878      0.8094473
9  0.68647591 0.79555681    10000     5367          0.5367      0.4589626
10 0.79555681 1.00000000    10000     5779          0.5779      0.4210800

$barrier
[1] 4.091414

$round_trips
[1] 3

$swap_rounds
[1] 20000

$round_trip_rate_observed
[1] 0.00015

$round_trip_rate_predicted
[1] 0.04605268

$round_trip_rate_limit
[1] 0.09820455

attr(,"class")
[1] "mdir_pt_diagnostics"
