                   cfg seed rhat_views12 rhat_view3_occupied rhat_all
                 plain 1001     1.023366            1.103914 1.197225
             joint_all 1001     1.663973            1.029839 1.663973
           split_merge 1001     1.432147            1.020677 1.432147
 joint_all_split_merge 1001     1.014532            1.033953 1.069121
                 plain 1002     1.016092            1.084767 1.134465
             joint_all 1002     1.023860            1.018434 1.049376
           split_merge 1002     1.052637            1.755427 1.755427
 joint_all_split_merge 1002     1.013566            1.022031 1.073680
                 plain 1003     1.002884            1.013070 1.058557
             joint_all 1003     1.223010            1.039827 1.223010
           split_merge 1003     1.008337            1.092641 1.204309
 joint_all_split_merge 1003     1.030151            1.078417 1.106148
                 plain 1004     1.730865            1.190995 1.730865
             joint_all 1004     1.017853            1.028702 1.063689
           split_merge 1004     2.072063            1.045859 2.072063
 joint_all_split_merge 1004     1.434973            1.017897 1.434973
                 plain 1005     1.004833            1.024734 1.064029
             joint_all 1005     1.052814            1.042493 1.084912
           split_merge 1005     1.016949            1.058362 1.144638
 joint_all_split_merge 1005     1.010465            1.032484 1.059385
                 plain 1006     2.362293            1.057116 2.362293
             joint_all 1006     1.175533            1.052854 1.175533
           split_merge 1006     1.005684            1.069993 1.097365
 joint_all_split_merge 1006     1.171628            1.016654 1.171628
                 plain 1007     1.631089            1.014921 1.631089
             joint_all 1007     1.010650            1.041475 1.178936
           split_merge 1007     1.201700            1.032873 1.201700
 joint_all_split_merge 1007     1.156822            1.036542 1.156822
                 plain 1008     1.011399            1.006757 1.070213
             joint_all 1008     1.002789            1.046340 1.104727
           split_merge 1008     1.005011            1.057912 1.113793
 joint_all_split_merge 1008     1.533310            1.038657 1.533310
                 plain 1009     1.071541            1.009964 1.071909
             joint_all 1009     1.024680            1.053905 1.121941
           split_merge 1009     1.355163            1.076579 1.355163
 joint_all_split_merge 1009     1.008477            1.043799 1.082580
                 plain 1010     1.655148            1.022102 1.655148
             joint_all 1010     1.006974            1.028149 1.065501
           split_merge 1010     1.007531            1.032245 1.093271
 joint_all_split_merge 1010     1.213140            1.216071 1.359853
                 plain 1011     1.040353            1.166907 1.249332
             joint_all 1011     1.022562            1.647150 1.647150
           split_merge 1011     1.661123            1.055494 1.661123
 joint_all_split_merge 1011     1.008693            1.027983 1.080439
                 plain 1012     1.006799            1.014185 1.063521
             joint_all 1012     1.010503            1.045224 1.183559
           split_merge 1012     1.013473            1.028750 1.098208
 joint_all_split_merge 1012     1.033718            1.013639 1.069983
 chains_with_extra_cluster_v1 chains_with_extra_cluster_v2  seconds
                            0                            0 11.68829
                            1                            1 21.16754
                            1                            1 28.75621
                            0                            0 38.01204
                            0                            0 11.94453
                            0                            0 21.60882
                            0                            0 29.16099
                            0                            0 39.61126
                            0                            0 12.29115
                            0                            0 21.49624
                            0                            0 29.04155
                            0                            0 40.02555
                            1                            0 12.03662
                            0                            0 22.11880
                            1                            1 30.24690
                            1                            1 38.74351
                            0                            0 12.36452
                            0                            0 21.74662
                            0                            0 29.02937
                            0                            0 39.49526
                            2                            1 12.74662
                            0                            0 22.79809
                            0                            0 28.58236
                            0                            0 38.95937
                            1                            1 12.76911
                            0                            0 21.76829
                            0                            0 29.71848
                            0                            0 40.34230
                            0                            0 13.44125
                            0                            0 21.84212
                            0                            0 29.38167
                            1                            1 39.70989
                            0                            0 12.29904
                            0                            0 21.82943
                            0                            0 29.84651
                            0                            0 39.13116
                            1                            0 12.46119
                            0                            0 22.38986
                            0                            0 29.06916
                            1                            0 39.44832
                            0                            0 12.38223
                            0                            0 21.98657
                            1                            1 30.28786
                            0                            0 39.76032
                            0                            0 12.18930
                            0                            0 22.57283
                            0                            0 29.76272
                            0                            0 38.98231

By configuration: runs whose views-1-2 quantities have Rhat > 1.05; runs in which some chain sits in
a mode with an extra cluster in view 1 or 2; runs whose view-3 occupancy has Rhat > 1.05; median seconds
                   cfg runs rhat12_fail any_chain_extra_cluster
             joint_all   12           4                       1
 joint_all_split_merge   12           5                       3
                 plain   12           5                       4
           split_merge   12           6                       3
 chains_extra_cluster view3_fail median_seconds
                    2          3       21.83577
                    5          2       39.47179
                    7          5       12.33178
                    6          7       29.27133
