pilot schedule: 58 temperatures

EQUAL-WEIGHT ENSEMBLES of W = 100 plain chains (basin weights), TV to the exact masses
  sm    D sweeps tv_last.mean tv_last.sd tv_pooled.mean tv_pooled.sd
1  0  250  25000       0.3695     0.0471        0.38700      0.04529
2  2  250  25000       0.0723     0.0329        0.02561      0.00890
3  0 1000 100000       0.3303     0.0282        0.35195      0.03511
4  2 1000 100000       0.0678     0.0239        0.01768      0.00611
5  0 4000 400000       0.3013     0.0392        0.31895      0.03922
6  2 4000 400000       0.0544     0.0252        0.01670      0.00399

SMC: split_merge = 0, sweeps per step = 1, particles = 2000 (12 runs; 105 s)
         1|24|3 1|2|34 12|3|4 13|2|4
exact     0.522  0.296  0.099  0.083
run_mean  0.546  0.253  0.157  0.006
run_sd    0.376  0.391  0.275  0.009
pooled    0.966  0.020  0.010  0.001
 sm sweeps_per_step    P runs sweeps_per_run tv_run_mean tv_run_sd tv_pooled
  0               1 2000   12         116000       0.481     0.157     0.447
 median_final_ess sd_log_evidence seconds
             1707            2.09     105

SMC: split_merge = 0, sweeps per step = 4, particles = 2000 (12 runs; 291 s)
         1|24|3 1|2|34 12|3|4 13|2|4
exact     0.522  0.296  0.099  0.083
run_mean  0.616  0.100  0.150  0.129
run_sd    0.360  0.203  0.280  0.272
pooled    0.687  0.027  0.094  0.191
 sm sweeps_per_step    P runs sweeps_per_run tv_run_mean tv_run_sd tv_pooled
  0               4 2000   12         464000       0.453     0.195     0.273
 median_final_ess sd_log_evidence seconds
             1552             1.9     291

SMC: split_merge = 0, sweeps per step = 16, particles = 500 (12 runs; 250 s)
         1|24|3 1|2|34 12|3|4 13|2|4
exact     0.522  0.296  0.099  0.083
run_mean  0.631  0.176  0.139  0.054
run_sd    0.278  0.252  0.195  0.111
pooled    0.790  0.024  0.164  0.022
 sm sweeps_per_step   P runs sweeps_per_run tv_run_mean tv_run_sd tv_pooled
  0              16 500   12         464000       0.359     0.111     0.334
 median_final_ess sd_log_evidence seconds
              406            2.17     250

SMC: split_merge = 2, sweeps per step = 1, particles = 2000 (12 runs; 295 s)
         1|24|3 1|2|34 12|3|4 13|2|4
exact     0.522  0.296  0.099  0.083
run_mean  0.534  0.247  0.124  0.093
run_sd    0.036  0.034  0.028  0.014
pooled    0.494  0.299  0.105  0.102
 sm sweeps_per_step    P runs sweeps_per_run tv_run_mean tv_run_sd tv_pooled
  2               1 2000   12         116000      0.0623    0.0265    0.0284
 median_final_ess sd_log_evidence seconds
             1445            4.26     295

SMC: split_merge = 2, sweeps per step = 4, particles = 2000 (12 runs; 1061 s)
         1|24|3 1|2|34 12|3|4 13|2|4
exact     0.522  0.296  0.099  0.083
run_mean  0.520  0.285  0.107  0.089
run_sd    0.012  0.012  0.009  0.005
pooled    0.515  0.290  0.107  0.088
 sm sweeps_per_step    P runs sweeps_per_run tv_run_mean tv_run_sd tv_pooled
  2               4 2000   12         464000      0.0188   0.00851    0.0124
 median_final_ess sd_log_evidence seconds
             1611            3.15    1061

SMC: split_merge = 2, sweeps per step = 16, particles = 500 (12 runs; 1032 s)
         1|24|3 1|2|34 12|3|4 13|2|4
exact     0.522  0.296  0.099  0.083
run_mean  0.523  0.283  0.103  0.091
run_sd    0.032  0.024  0.019  0.018
pooled    0.521  0.280  0.118  0.080
 sm sweeps_per_step   P runs sweeps_per_run tv_run_mean tv_run_sd tv_pooled
  2              16 500   12         464000       0.038     0.014    0.0194
 median_final_ess sd_log_evidence seconds
              403            2.34    1032

SUMMARY OF SMC BLOCKS
 method sm sweeps_per_step    P runs sweeps_per_run tv_run_mean tv_run_sd
    SMC  0               1 2000   12         116000      0.4806   0.15657
    SMC  0               4 2000   12         464000      0.4530   0.19485
    SMC  0              16  500   12         464000      0.3592   0.11108
    SMC  2               1 2000   12         116000      0.0623   0.02646
    SMC  2               4 2000   12         464000      0.0188   0.00851
    SMC  2              16  500   12         464000      0.0380   0.01395
 tv_pooled median_final_ess sd_log_evidence seconds
    0.4469             1707            2.09     105
    0.2730             1552            1.90     291
    0.3336              406            2.17     250
    0.0284             1445            4.26     295
    0.0124             1611            3.15    1061
    0.0194              403            2.34    1032
